# Test Output

Task processed at: Tue Dec 16 00:59:11 UTC 2025

Task description:
Task: Fix SSH connection reset error on container SSH button

SSH button shows error: kex_exchange_identification: read: Connection reset by peer. The container SSH server may not be running or port forwarding may be misconfigured. Need to verify sshd is running in containers and port mapping is correct.

